<?xml version="1.0" encoding="UTF-8"?>
<testsuites name="jest tests" tests="19" failures="0" errors="0" time="9.16">
  <testsuite name="ContactsService" errors="0" failures="0" skipped="0" timestamp="2025-03-10T22:18:46" time="7.323" tests="1">
    <testcase classname="ContactsService should be defined" name="ContactsService should be defined" time="0.018">
    </testcase>
  </testsuite>
  <testsuite name="TasksService" errors="0" failures="0" skipped="0" timestamp="2025-03-10T22:18:46" time="7.44" tests="3">
    <testcase classname="TasksService should be defined" name="TasksService should be defined" time="0.008">
    </testcase>
    <testcase classname="TasksService should return an array of tasks" name="TasksService should return an array of tasks" time="0.001">
    </testcase>
    <testcase classname="TasksService should return an empty array of tasks when no tasks are returned from the repository" name="TasksService should return an empty array of tasks when no tasks are returned from the repository" time="0">
    </testcase>
  </testsuite>
  <testsuite name="DeleteTask" errors="0" failures="0" skipped="0" timestamp="2025-03-10T22:18:46" time="7.55" tests="2">
    <testcase classname="DeleteTask should succesfully delete a task that exists" name="DeleteTask should succesfully delete a task that exists" time="0.052">
    </testcase>
    <testcase classname="DeleteTask should throw an exception when task is not found" name="DeleteTask should throw an exception when task is not found" time="0.009">
    </testcase>
  </testsuite>
  <testsuite name="CreateTask" errors="0" failures="0" skipped="0" timestamp="2025-03-10T22:18:46" time="7.55" tests="1">
    <testcase classname="CreateTask should create and return a task" name="CreateTask should create and return a task" time="0.008">
    </testcase>
  </testsuite>
  <testsuite name="LogoutService" errors="0" failures="0" skipped="0" timestamp="2025-03-10T22:18:46" time="8.152" tests="1">
    <testcase classname="LogoutService should be defined" name="LogoutService should be defined" time="0.049">
    </testcase>
  </testsuite>
  <testsuite name="TasksController" errors="0" failures="0" skipped="0" timestamp="2025-03-10T22:18:46" time="8.327" tests="2">
    <testcase classname="TasksController should be defined" name="TasksController should be defined" time="0.065">
    </testcase>
    <testcase classname="TasksController should return an array of tasks" name="TasksController should return an array of tasks" time="0.003">
    </testcase>
  </testsuite>
  <testsuite name="ContactsController" errors="0" failures="0" skipped="0" timestamp="2025-03-10T22:18:46" time="8.478" tests="1">
    <testcase classname="ContactsController should be defined" name="ContactsController should be defined" time="0.022">
    </testcase>
  </testsuite>
  <testsuite name="UserService" errors="0" failures="0" skipped="0" timestamp="2025-03-10T22:18:46" time="8.554" tests="1">
    <testcase classname="UserService should be defined" name="UserService should be defined" time="0.069">
    </testcase>
  </testsuite>
  <testsuite name="LoginService" errors="0" failures="0" skipped="0" timestamp="2025-03-10T22:18:46" time="8.553" tests="5">
    <testcase classname="LoginService should be defined" name="LoginService should be defined" time="0.016">
    </testcase>
    <testcase classname="LoginService should return access token" name="LoginService should return access token" time="0.003">
    </testcase>
    <testcase classname="LoginService should throw UnauthorizedException when username is not present" name="LoginService should throw UnauthorizedException when username is not present" time="0.01">
    </testcase>
    <testcase classname="LoginService should throw UnauthorizedException when password is incorrect" name="LoginService should throw UnauthorizedException when password is incorrect" time="0.002">
    </testcase>
    <testcase classname="LoginService should throw UnauthorizedException when user is not found" name="LoginService should throw UnauthorizedException when user is not found" time="0.003">
    </testcase>
  </testsuite>
  <testsuite name="RegisterService" errors="0" failures="0" skipped="0" timestamp="2025-03-10T22:18:46" time="8.568" tests="1">
    <testcase classname="RegisterService should be defined" name="RegisterService should be defined" time="0.03">
    </testcase>
  </testsuite>
  <testsuite name="AuthController" errors="0" failures="0" skipped="0" timestamp="2025-03-10T22:18:46" time="8.582" tests="1">
    <testcase classname="AuthController should be defined" name="AuthController should be defined" time="0.03">
    </testcase>
  </testsuite>
</testsuites>